2024.06.21-17:03:42 - [INFO] - 开始加载Bot配置文件，文件路径：BotConfig.ini
2024.06.21-17:03:42 - [INFO] - 成功加载配置文件
2024.06.21-17:03:42 - [INFO] - 加载的bot初始化配置信息如下：
2024.06.21-17:03:42 - [INFO] - ('server_address', '10.80.43.210:5700')
2024.06.21-17:03:42 - [INFO] - ('client_address', '0.0.0.0:7000')
2024.06.21-17:03:42 - [INFO] - ('web_controller', '127.0.0.1:7001')
2024.06.21-17:03:42 - [INFO] - ('bot_name', 'gbz')
2024.06.21-17:03:42 - [INFO] - ('debug', 'True')
2024.06.21-17:03:42 - [INFO] - ('database_username', 'admin')
2024.06.21-17:03:42 - [INFO] - ('database_address', 'bot.database.address:3306')
2024.06.21-17:03:42 - [INFO] - ('database_passwd', 'just_monika')
2024.06.21-17:03:42 - [INFO] - ('database_name', 'bot')
2024.06.21-17:03:42 - [INFO] - 获取到Bot的登录信息：LLOneBot server已启动
2024.06.21-17:03:42 - [INFO] - Bot初始化成功！
2024.06.21-17:03:42 - [INFO] - 开始加载插件
2024.06.21-17:03:42 - [INFO] - 成功加载插件：AddStuToDB，插件类型：Group，插件作者just monika
2024.06.21-17:03:42 - [INFO] - 成功加载插件：ErrorTest，插件类型：Private，插件作者just monika
2024.06.21-17:03:42 - [INFO] - 成功加载插件：SayHello，插件类型：Private，插件作者just monika
2024.06.21-17:03:42 - [INFO] - 成功加载插件：SelectLineCount，插件类型：Group，插件作者just monika
2024.06.21-17:03:42 - [INFO] - 成功加载插件：TestPlugins，插件类型：Group，插件作者somebody
2024.06.21-17:03:42 - [INFO] - 成功加载插件：WebControllerTestPlugins，插件类型：Private，插件作者just monika
2024.06.21-17:03:42 - [INFO] - 开始创建与数据库之间的连接
2024.06.21-17:03:42 - [INFO] - 成功连接到bot数据库
2024.06.21-17:03:42 - [INFO] - 初始化事件处理器成功！
2024.06.21-17:03:42 - [INFO] - 尝试将监听服务启动在 0.0.0.0:7000
2024.06.21-17:03:42 - [INFO] - 监听服务启动成功！
2024.06.21-17:03:42 - [INFO] - 启动web controller服务 127.0.0.1:7001
2024.06.21-17:03:42 - [INFO] - web controller服务启动成功！
2024.06.21-17:03:44 - [DEBUG] - 收到来自群聊 824395694 的消息：　　(群名片：2352031-信10-易铭骏，QQ号：1664382962)说：111
2024.06.21-17:03:47 - [DEBUG] - 收到来自群聊 824395694 的消息：　　(群名片：2352031-信10-易铭骏，QQ号：1664382962)说：gbz linecount
2024.06.21-17:03:47 - [DEBUG] - 查询到的信息是：{'rank': 588, 'count': 12585, 'total': 796, 'user_id': 7688619}
2024.06.21-17:04:06 - [DEBUG] - 收到来自群聊 924630924 的消息：喜欢睡觉(群名片：四平第一申请，QQ号：1735523069)说：[CQ:reply,id=-2147460468][CQ:at,qq=2750469650] ?
2024.06.21-17:04:34 - [DEBUG] - 收到来自群聊 924630924 的消息：　　(群名片：测绘Five，QQ号：1664382962)说：你们再试试呢，这次我加了QQ号匹配验证
2024.06.21-17:04:52 - [DEBUG] - 收到来自群聊 924630924 的消息：深藏功与名(群名片：深藏功与名，QQ号：3388084238)说：gbz linecount
2024.06.21-17:04:58 - [DEBUG] - 收到来自群聊 924630924 的消息：深藏功与名(群名片：深藏功与名，QQ号：3388084238)说：[CQ:image,file=3B6B3920535F4B24C46092B68EB48F82.jpg.gif,url=https://multimedia.nt.qq.com.cn/download?appid=1407&amp;fileid=CgozMzg4MDg0MjM4EhS7xbQ08c-XW5UDxKYzzYWHzzaMFxjX-hAg_woo_tCozqvshgNQgL2jAQ&amp;spec=0&amp;rkey=CAISKKSBekjVG1fMQW4XTP1A_vcct26yekqOwRSKznNcZ2pbZn2SzDDw_vo,file_size=277847]
2024.06.21-17:05:07 - [DEBUG] - 收到来自群聊 924630924 的消息：深藏功与名(群名片：深藏功与名，QQ号：3388084238)说：要我改成高程群的吗
2024.06.21-17:05:10 - [DEBUG] - 收到来自群聊 924630924 的消息：　　(群名片：测绘Five，QQ号：1664382962)说：按高程群的
2024.06.21-17:05:19 - [DEBUG] - 收到来自群聊 924630924 的消息：　　(群名片：测绘Five，QQ号：1664382962)说：那不然bot怎么知道你是谁[CQ:face,id=178]
2024.06.21-17:05:35 - [DEBUG] - 收到来自群聊 924630924 的消息：深藏功与名(群名片：2350231-信12-高柏舟，QQ号：3388084238)说：gbz linecount
2024.06.21-17:05:35 - [DEBUG] - 查询到的信息是：{'rank': 480, 'count': 11677, 'total': 796, 'user_id': 3388084238}
2024.06.21-17:05:39 - [DEBUG] - 收到来自群聊 924630924 的消息：深藏功与名(群名片：2350231-信12-高柏舟，QQ号：3388084238)说：[CQ:mface,summary=&#91;吐了&#93;,url=https://gxh.vip.qq.com/club/item/parcel/item/e1/e1de7694dd54e78826e46be8a4553c3c/raw300.gif,emoji_id=e1de7694dd54e78826e46be8a4553c3c,emoji_package_id=209590,key=304d5508c9b0e62f]
2024.06.21-17:05:44 - [DEBUG] - 收到来自群聊 924630924 的消息：魇呓(群名片：2256211-计科-伊特，QQ号：2690497932)说：gbz linecount
2024.06.21-17:05:44 - [DEBUG] - 查询到的信息是：None
2024.06.21-17:05:44 - [DEBUG] - 收到来自群聊 924630924 的消息：深藏功与名(群名片：2350231-信12-高柏舟，QQ号：3388084238)说：屎山发力了
2024.06.21-17:05:55 - [DEBUG] - 收到来自群聊 924630924 的消息：魇呓(群名片：2256211-计科-伊特，QQ号：2690497932)说：勾脚
2024.06.21-17:06:10 - [DEBUG] - 收到来自群聊 924630924 的消息：深藏功与名(群名片：2251316-计科-厉展，QQ号：3388084238)说：gbz linecount
2024.06.21-17:06:10 - [DEBUG] - 查询到的信息是：None
2024.06.21-17:06:14 - [DEBUG] - 收到来自群聊 924630924 的消息：深藏功与名(群名片：2251316-计科-厉展，QQ号：3388084238)说：[CQ:mface,summary=&#91;欢呼&#93;,url=https://gxh.vip.qq.com/club/item/parcel/item/4e/4e8a7048078419e8081f190af9badef3/raw300.gif,emoji_id=4e8a7048078419e8081f190af9badef3,emoji_package_id=209590,key=304d5508c9b0e62f]
2024.06.21-17:06:27 - [DEBUG] - 收到来自群聊 924630924 的消息：深藏功与名(群名片：2251316-计科-厉展，QQ号：3388084238)说：[CQ:reply,id=-2147460428][CQ:at,qq=2690497932] 是吗
2024.06.21-17:06:56 - [DEBUG] - 收到来自群聊 924630924 的消息：　　(群名片：测绘Five，QQ号：1664382962)说：你们试试改成别人的学号，但是要在高程群的
2024.06.21-17:06:58 - [DEBUG] - 收到来自群聊 924630924 的消息：魇呓(群名片：2256211-计科-伊特，QQ号：2690497932)说：是吗 你也霸林我
2024.06.21-17:07:42 - [DEBUG] - 收到来自群聊 924630924 的消息：深藏功与名(群名片：2351423-信02-夏天，QQ号：3388084238)说：gbz linecount
2024.06.21-17:07:43 - [ERROR] - 插件：SelectLineCount运行时出错：'NoneType' object has no attribute 'send'，请联系该插件的作者：just monika
详细信息：
Traceback (most recent call last):
  File "C:\Users\just_monika\IdeaProjects\QQ-Bot-New\Plugins\SelectLineCount\SelectLineCount.py", line 65, in main
    select_result = await self.query_by_stu_id(stu_id)
  File "C:\Users\just_monika\AppData\Roaming\Python\Python39\site-packages\sqlalchemy\ext\asyncio\session.py", line 1025, in close
    await greenlet_spawn(self.sync_session.close)
  File "C:\Users\just_monika\AppData\Roaming\Python\Python39\site-packages\sqlalchemy\util\_concurrency_py3k.py", line 201, in greenlet_spawn
    result = context.throw(*sys.exc_info())
  File "C:\Users\just_monika\AppData\Roaming\Python\Python39\site-packages\sqlalchemy\orm\session.py", line 2462, in close
    self._close_impl(invalidate=False)
  File "C:\Users\just_monika\AppData\Roaming\Python\Python39\site-packages\sqlalchemy\orm\session.py", line 2531, in _close_impl
    transaction.close(invalidate)
  File "<string>", line 2, in close
  File "C:\Users\just_monika\AppData\Roaming\Python\Python39\site-packages\sqlalchemy\orm\state_changes.py", line 139, in _go
    ret_value = fn(self, *arg, **kw)
  File "C:\Users\just_monika\AppData\Roaming\Python\Python39\site-packages\sqlalchemy\orm\session.py", line 1363, in close
    transaction.close()
  File "C:\Users\just_monika\AppData\Roaming\Python\Python39\site-packages\sqlalchemy\engine\base.py", line 2590, in close
    self._do_close()
  File "C:\Users\just_monika\AppData\Roaming\Python\Python39\site-packages\sqlalchemy\engine\base.py", line 2728, in _do_close
    self._close_impl()
  File "C:\Users\just_monika\AppData\Roaming\Python\Python39\site-packages\sqlalchemy\engine\base.py", line 2714, in _close_impl
    self._connection_rollback_impl()
  File "C:\Users\just_monika\AppData\Roaming\Python\Python39\site-packages\sqlalchemy\engine\base.py", line 2706, in _connection_rollback_impl
    self.connection._rollback_impl()
  File "C:\Users\just_monika\AppData\Roaming\Python\Python39\site-packages\sqlalchemy\engine\base.py", line 1133, in _rollback_impl
    self._handle_dbapi_exception(e, None, None, None, None)
  File "C:\Users\just_monika\AppData\Roaming\Python\Python39\site-packages\sqlalchemy\engine\base.py", line 2360, in _handle_dbapi_exception
    raise exc_info[1].with_traceback(exc_info[2])
  File "C:\Users\just_monika\AppData\Roaming\Python\Python39\site-packages\sqlalchemy\engine\base.py", line 1131, in _rollback_impl
    self.engine.dialect.do_rollback(self.connection)
  File "C:\Users\just_monika\AppData\Roaming\Python\Python39\site-packages\sqlalchemy\engine\default.py", line 693, in do_rollback
    dbapi_connection.rollback()
  File "C:\Users\just_monika\AppData\Roaming\Python\Python39\site-packages\sqlalchemy\dialects\mysql\aiomysql.py", line 200, in rollback
    self.await_(self._connection.rollback())
  File "C:\Users\just_monika\AppData\Roaming\Python\Python39\site-packages\sqlalchemy\util\_concurrency_py3k.py", line 131, in await_only
    return current.driver.switch(awaitable)  # type: ignore[no-any-return]
  File "C:\Users\just_monika\AppData\Roaming\Python\Python39\site-packages\sqlalchemy\util\_concurrency_py3k.py", line 196, in greenlet_spawn
    value = await result
  File "C:\Users\just_monika\AppData\Roaming\Python\Python39\site-packages\aiomysql\connection.py", line 398, in rollback
    await self._execute_command(COMMAND.COM_QUERY, "ROLLBACK")
  File "C:\Users\just_monika\AppData\Roaming\Python\Python39\site-packages\aiomysql\connection.py", line 724, in _execute_command
    self._write_bytes(prelude + sql[:chunk_size - 1])
  File "C:\Users\just_monika\AppData\Roaming\Python\Python39\site-packages\aiomysql\connection.py", line 669, in _write_bytes
    return self._writer.write(data)
  File "C:\Program Files (x86)\Microsoft Visual Studio\Shared\Python39_64\lib\asyncio\streams.py", line 341, in write
    self._transport.write(data)
  File "C:\Program Files (x86)\Microsoft Visual Studio\Shared\Python39_64\lib\asyncio\proactor_events.py", line 359, in write
    self._loop_writing(data=bytes(data))
  File "C:\Program Files (x86)\Microsoft Visual Studio\Shared\Python39_64\lib\asyncio\proactor_events.py", line 395, in _loop_writing
    self._write_fut = self._loop._proactor.send(self._sock, data)
AttributeError: 'NoneType' object has no attribute 'send'

During handling of the above exception, another exception occurred:

Traceback (most recent call last):
  File "C:\Users\just_monika\IdeaProjects\QQ-Bot-New\Event\EventController.py", line 116, in run_group_plugins
    await plugins.main(event, self.debug)
  File "C:\Users\just_monika\IdeaProjects\QQ-Bot-New\Plugins\SelectLineCount\SelectLineCount.py", line 69, in main
    raise e
  File "C:\Users\just_monika\IdeaProjects\QQ-Bot-New\Plugins\SelectLineCount\SelectLineCount.py", line 62, in main
    select_result = await self.query_by_stu_id(stu_id)
  File "C:\Users\just_monika\IdeaProjects\QQ-Bot-New\Plugins\SelectLineCount\SelectLineCount.py", line 107, in query_by_stu_id
    return None
  File "C:\Users\just_monika\AppData\Roaming\Python\Python39\site-packages\sqlalchemy\ext\asyncio\session.py", line 1025, in close
    await greenlet_spawn(self.sync_session.close)
  File "C:\Users\just_monika\AppData\Roaming\Python\Python39\site-packages\sqlalchemy\util\_concurrency_py3k.py", line 201, in greenlet_spawn
    result = context.throw(*sys.exc_info())
  File "C:\Users\just_monika\AppData\Roaming\Python\Python39\site-packages\sqlalchemy\orm\session.py", line 2462, in close
    self._close_impl(invalidate=False)
  File "C:\Users\just_monika\AppData\Roaming\Python\Python39\site-packages\sqlalchemy\orm\session.py", line 2531, in _close_impl
    transaction.close(invalidate)
  File "<string>", line 2, in close
  File "C:\Users\just_monika\AppData\Roaming\Python\Python39\site-packages\sqlalchemy\orm\state_changes.py", line 139, in _go
    ret_value = fn(self, *arg, **kw)
  File "C:\Users\just_monika\AppData\Roaming\Python\Python39\site-packages\sqlalchemy\orm\session.py", line 1363, in close
    transaction.close()
  File "C:\Users\just_monika\AppData\Roaming\Python\Python39\site-packages\sqlalchemy\engine\base.py", line 2590, in close
    self._do_close()
  File "C:\Users\just_monika\AppData\Roaming\Python\Python39\site-packages\sqlalchemy\engine\base.py", line 2728, in _do_close
    self._close_impl()
  File "C:\Users\just_monika\AppData\Roaming\Python\Python39\site-packages\sqlalchemy\engine\base.py", line 2714, in _close_impl
    self._connection_rollback_impl()
  File "C:\Users\just_monika\AppData\Roaming\Python\Python39\site-packages\sqlalchemy\engine\base.py", line 2706, in _connection_rollback_impl
    self.connection._rollback_impl()
  File "C:\Users\just_monika\AppData\Roaming\Python\Python39\site-packages\sqlalchemy\engine\base.py", line 1133, in _rollback_impl
    self._handle_dbapi_exception(e, None, None, None, None)
  File "C:\Users\just_monika\AppData\Roaming\Python\Python39\site-packages\sqlalchemy\engine\base.py", line 2360, in _handle_dbapi_exception
    raise exc_info[1].with_traceback(exc_info[2])
  File "C:\Users\just_monika\AppData\Roaming\Python\Python39\site-packages\sqlalchemy\engine\base.py", line 1131, in _rollback_impl
    self.engine.dialect.do_rollback(self.connection)
  File "C:\Users\just_monika\AppData\Roaming\Python\Python39\site-packages\sqlalchemy\engine\default.py", line 693, in do_rollback
    dbapi_connection.rollback()
  File "C:\Users\just_monika\AppData\Roaming\Python\Python39\site-packages\sqlalchemy\dialects\mysql\aiomysql.py", line 200, in rollback
    self.await_(self._connection.rollback())
  File "C:\Users\just_monika\AppData\Roaming\Python\Python39\site-packages\sqlalchemy\util\_concurrency_py3k.py", line 131, in await_only
    return current.driver.switch(awaitable)  # type: ignore[no-any-return]
  File "C:\Users\just_monika\AppData\Roaming\Python\Python39\site-packages\sqlalchemy\util\_concurrency_py3k.py", line 196, in greenlet_spawn
    value = await result
  File "C:\Users\just_monika\AppData\Roaming\Python\Python39\site-packages\aiomysql\connection.py", line 398, in rollback
    await self._execute_command(COMMAND.COM_QUERY, "ROLLBACK")
  File "C:\Users\just_monika\AppData\Roaming\Python\Python39\site-packages\aiomysql\connection.py", line 724, in _execute_command
    self._write_bytes(prelude + sql[:chunk_size - 1])
  File "C:\Users\just_monika\AppData\Roaming\Python\Python39\site-packages\aiomysql\connection.py", line 669, in _write_bytes
    return self._writer.write(data)
  File "C:\Program Files (x86)\Microsoft Visual Studio\Shared\Python39_64\lib\asyncio\streams.py", line 341, in write
    self._transport.write(data)
  File "C:\Program Files (x86)\Microsoft Visual Studio\Shared\Python39_64\lib\asyncio\proactor_events.py", line 359, in write
    self._loop_writing(data=bytes(data))
  File "C:\Program Files (x86)\Microsoft Visual Studio\Shared\Python39_64\lib\asyncio\proactor_events.py", line 395, in _loop_writing
    self._write_fut = self._loop._proactor.send(self._sock, data)
AttributeError: 'NoneType' object has no attribute 'send'

2024.06.21-17:07:46 - [DEBUG] - 收到来自群聊 924630924 的消息：深藏功与名(群名片：2351423-信02-夏天，QQ号：3388084238)说：夏天是二班的吗
2024.06.21-17:07:57 - [DEBUG] - 收到来自群聊 924630924 的消息：　　(群名片：测绘Five，QQ号：1664382962)说：这个就重试一下
2024.06.21-17:08:05 - [DEBUG] - 收到来自群聊 924630924 的消息：深藏功与名(群名片：2351423-信03-夏天，QQ号：3388084238)说：gbz linecount
2024.06.21-17:08:05 - [DEBUG] - 查询到的信息是：{'rank': 199, 'count': 8926, 'total': 796, 'user_id': 487469583}
2024.06.21-17:08:06 - [DEBUG] - 收到来自群聊 924630924 的消息：　　(群名片：测绘Five，QQ号：1664382962)说：那个bug我确实不知道怎么修
2024.06.21-17:08:08 - [DEBUG] - 收到来自群聊 924630924 的消息：深藏功与名(群名片：2351423-信03-夏天，QQ号：3388084238)说：三班的
2024.06.21-17:08:15 - [DEBUG] - 收到来自群聊 924630924 的消息：深藏功与名(群名片：2351423-信03-夏天，QQ号：3388084238)说：[CQ:image,file=973CCB2E2FD55AF3649C02128114ED46.jpg,url=https://multimedia.nt.qq.com.cn/download?appid=1407&amp;fileid=CgozMzg4MDg0MjM4EhS-NO-RIKUKJPxaJwyEby8lgXVrRhiVvAMg_wooi7efrKzshgNQgL2jAQ&amp;spec=0&amp;rkey=CAISKKSBekjVG1fMQW4XTP1A_vcct26yekqOwRSKznNcZ2pbZn2SzDDw_vo,file_size=56853]
2024.06.21-17:08:19 - [DEBUG] - 收到来自群聊 924630924 的消息：魇呓(群名片：2256211-计科-伊特，QQ号：2690497932)说：班级是前缀索引吗
2024.06.21-17:08:24 - [DEBUG] - 收到来自群聊 924630924 的消息：深藏功与名(群名片：2351423-信03-夏天，QQ号：3388084238)说：我只能记住他的学号
2024.06.21-17:08:28 - [DEBUG] - 收到来自群聊 924630924 的消息：　　(群名片：测绘Five，QQ号：1664382962)说：不是
2024.06.21-17:08:32 - [DEBUG] - 收到来自群聊 924630924 的消息：　　(群名片：测绘Five，QQ号：1664382962)说：跟班级没关系呀
2024.06.21-17:08:41 - [DEBUG] - 收到来自群聊 924630924 的消息：　　(群名片：测绘Five，QQ号：1664382962)说：那个报错还是之前的问题
2024.06.21-17:08:42 - [DEBUG] - 收到来自群聊 924630924 的消息：魇呓(群名片：2256211-计科-伊特，QQ号：2690497932)说：我现在很数据库
2024.06.21-17:08:45 - [DEBUG] - 收到来自群聊 924630924 的消息：光の痕(群名片：试题，QQ号：2750469650)说：[CQ:reply,id=-2147460442][CQ:at,qq=1735523069]我搜的有问题
2024.06.21-17:08:54 - [DEBUG] - 收到来自群聊 924630924 的消息：深藏功与名(群名片：2351423-信02-夏天，QQ号：3388084238)说：gbz linecount
2024.06.21-17:08:54 - [DEBUG] - 查询到的信息是：{'rank': 199, 'count': 8926, 'total': 796, 'user_id': 487469583}
2024.06.21-17:08:58 - [DEBUG] - 收到来自群聊 924630924 的消息：魇呓(群名片：2256211-计科-伊特，QQ号：2690497932)说：[CQ:at,qq=1735523069]什么b玩意
2024.06.21-17:09:02 - [DEBUG] - 收到来自群聊 924630924 的消息：深藏功与名(群名片：2351423-信02-夏天，QQ号：3388084238)说：和班级没关系吗
2024.06.21-17:09:05 - [DEBUG] - 收到来自群聊 924630924 的消息：深藏功与名(群名片：2351423-信02-夏天，QQ号：3388084238)说：看来确实
2024.06.21-17:09:10 - [DEBUG] - 收到来自群聊 924630924 的消息：　　(群名片：测绘Five，QQ号：1664382962)说：索引就是stu_id
2024.06.21-17:09:31 - [DEBUG] - 收到来自群聊 924630924 的消息：魇呓(群名片：2256211-计科-伊特，QQ号：2690497932)说：主索引 二级索引
2024.06.21-17:09:38 - [DEBUG] - 收到来自群聊 924630924 的消息：魇呓(群名片：2256211-计科-伊特，QQ号：2690497932)说：哈希索引 顺序索引
2024.06.21-17:09:42 - [DEBUG] - 收到来自群聊 924630924 的消息：　　(群名片：测绘Five，QQ号：1664382962)说：我都没把班级加到表里面
2024.06.21-17:10:31 - [DEBUG] - 收到来自群聊 924630924 的消息：深藏功与名(群名片：2351423-信02-夏天，QQ号：3388084238)说：高中同学插班生上岸了
2024.06.21-17:10:56 - [DEBUG] - 收到来自群聊 924630924 的消息：魇呓(群名片：2256211-计科-伊特，QQ号：2690497932)说：唉 人才辈出
2024.06.21-17:11:38 - [DEBUG] - 收到来自群聊 924630924 的消息：喜欢睡觉(群名片：邱关源，QQ号：1735523069)说：改个名字
2024.06.21-17:11:43 - [DEBUG] - 收到来自群聊 924630924 的消息：喜欢睡觉(群名片：邱关源，QQ号：1735523069)说：请下神
2024.06.21-17:12:19 - [DEBUG] - 收到来自群聊 924630924 的消息：深藏功与名(群名片：深藏功与名，QQ号：3388084238)说：md真复习不完了吧
2024.06.21-17:12:22 - [DEBUG] - 收到来自群聊 924630924 的消息：深藏功与名(群名片：深藏功与名，QQ号：3388084238)说：还有两天
2024.06.21-17:12:35 - [DEBUG] - 收到来自群聊 924630924 的消息：喜欢睡觉(群名片：邱关源，QQ号：1735523069)说：你不是没有高数吗
2024.06.21-17:12:39 - [DEBUG] - 收到来自群聊 924630924 的消息：喜欢睡觉(群名片：邱关源，QQ号：1735523069)说：狗叫
2024.06.21-17:12:44 - [DEBUG] - 收到来自群聊 924630924 的消息：深藏功与名(群名片：深藏功与名，QQ号：3388084238)说：物理才是第一门啊
2024.06.21-17:13:00 - [DEBUG] - 收到来自群聊 924630924 的消息：喜欢睡觉(群名片：邱关源，QQ号：1735523069)说：物理你随便杀的啊老弟
2024.06.21-17:13:05 - [DEBUG] - 收到来自群聊 924630924 的消息：喜欢睡觉(群名片：邱关源，QQ号：1735523069)说：[CQ:image,file={0FB8507D-DACD-AF8B-206C-54E9F154D4AA}.jpg,url=https://gchat.qpic.cn/gchatpic_new/1735523069/924630924-2952614546-0FB8507DDACDAF8B206C54E9F154D4AA/0?term=255&amp;is_origin=0,file_size=6414]4
2024.06.21-17:13:06 - [DEBUG] - 收到来自群聊 924630924 的消息：深藏功与名(群名片：深藏功与名，QQ号：3388084238)说：高程我还没看呢
2024.06.21-17:13:11 - [DEBUG] - 收到来自群聊 924630924 的消息：深藏功与名(群名片：深藏功与名，QQ号：3388084238)说：[CQ:image,file=973CCB2E2FD55AF3649C02128114ED46.jpg,url=https://multimedia.nt.qq.com.cn/download?appid=1407&amp;fileid=CgozMzg4MDg0MjM4EhS-NO-RIKUKJPxaJwyEby8lgXVrRhiVvAMg_wooq9DwuK3shgNQgL2jAQ&amp;spec=0&amp;rkey=CAISKKSBekjVG1fMQW4XTP1A_vcct26yekqOwRSKznNcZ2pbZn2SzDDw_vo,file_size=56853]
2024.06.21-17:13:31 - [DEBUG] - 收到来自群聊 924630924 的消息：喜欢睡觉(群名片：邱关源，QQ号：1735523069)说：能给GBZ良的人还没有出生吧
2024.06.21-17:13:34 - [DEBUG] - 收到来自群聊 924630924 的消息：魇呓(群名片：亚伯拉罕・西尔伯沙茨-亨利・F.科斯-伊特，QQ号：2690497932)说：是吗
2024.06.21-17:13:40 - [DEBUG] - 收到来自群聊 924630924 的消息：魇呓(群名片：亚伯拉罕・西尔伯沙茨-亨利・F.科斯-伊特，QQ号：2690497932)说：那我也请个神
2024.06.21-17:13:50 - [DEBUG] - 收到来自群聊 924630924 的消息：深藏功与名(群名片：深藏功与名，QQ号：3388084238)说：[CQ:reply,id=-2147460380][CQ:at,qq=1735523069] 别攻击我了
2024.06.21-17:13:56 - [DEBUG] - 收到来自群聊 924630924 的消息：深藏功与名(群名片：深藏功与名，QQ号：3388084238)说：这意思我只能拿中呗
2024.06.21-17:14:03 - [DEBUG] - 收到来自群聊 924630924 的消息：喜欢睡觉(群名片：邱关源，QQ号：1735523069)说：是吗
2024.06.21-17:14:11 - [DEBUG] - 收到来自群聊 924630924 的消息：喜欢睡觉(群名片：邱关源，QQ号：1735523069)说：你应该不是U就是及格吧
2024.06.21-17:14:18 - [DEBUG] - 收到来自群聊 924630924 的消息：喜欢睡觉(群名片：邱关源，QQ号：1735523069)说：让让我们体育拿个及格呗
2024.06.21-17:15:08 - [DEBUG] - 收到来自群聊 924630924 的消息：深藏功与名(群名片：深藏功与名，QQ号：3388084238)说：[CQ:mface,summary=&#91;呵呵&#93;,url=https://gxh.vip.qq.com/club/item/parcel/item/3a/3af632c54c7bc23302700f8ac214bc79/raw300.gif,emoji_id=3af632c54c7bc23302700f8ac214bc79,emoji_package_id=209590,key=304d5508c9b0e62f]
2024.06.21-17:15:19 - [DEBUG] - 收到来自群聊 924630924 的消息：光の痕(群名片：试题，QQ号：2750469650)说：唉
2024.06.21-17:16:33 - [DEBUG] - 收到来自群聊 924630924 的消息：喜欢睡觉(群名片：邱关源，QQ号：1735523069)说：用心良苦了
2024.06.21-17:16:35 - [DEBUG] - 收到来自群聊 924630924 的消息：喜欢睡觉(群名片：邱关源，QQ号：1735523069)说：高讲师
2024.06.21-17:16:37 - [DEBUG] - 收到来自群聊 924630924 的消息：魇呓(群名片：张冬冬，QQ号：2690497932)说：唉还是请一下计组吧
2024.06.21-17:16:44 - [DEBUG] - 收到来自群聊 924630924 的消息：魇呓(群名片：张冬冬，QQ号：2690497932)说：数据库自己能应付
2024.06.21-17:16:45 - [DEBUG] - 收到来自群聊 924630924 的消息：喜欢睡觉(群名片：邱关源，QQ号：1735523069)说：永远在我们前面一步
2024.06.21-17:17:01 - [DEBUG] - 收到来自群聊 924630924 的消息：喜欢睡觉(群名片：邱关源，QQ号：1735523069)说：请华子
2024.06.21-17:18:06 - [DEBUG] - 收到来自群聊 924630924 的消息：喜欢睡觉(群名片：邱关源，QQ号：1735523069)说：[CQ:at,qq=2690497932]
2024.06.21-17:18:20 - [DEBUG] - 收到来自群聊 924630924 的消息：魇呓(群名片：张冬冬，QQ号：2690497932)说：[CQ:at,qq=1735523069]
2024.06.21-17:18:37 - [DEBUG] - 收到来自群聊 924630924 的消息：深藏功与名(群名片：深藏功与名，QQ号：3388084238)说：改名xjp的话
2024.06.21-17:18:45 - [DEBUG] - 收到来自群聊 924630924 的消息：深藏功与名(群名片：深藏功与名，QQ号：3388084238)说：群主会被抓起来吗
2024.06.21-17:18:49 - [DEBUG] - 收到来自群聊 924630924 的消息：喜欢睡觉(群名片：邱关源，QQ号：1735523069)说：?/
2024.06.21-17:18:51 - [DEBUG] - 收到来自群聊 924630924 的消息：喜欢睡觉(群名片：邱关源，QQ号：1735523069)说：?
2024.06.21-17:18:58 - [DEBUG] - 收到来自群聊 924630924 的消息：光の痕(群名片：试题，QQ号：2750469650)说：[CQ:image,file={298E1C14-BE58-C7FD-13CC-BD67A5D964CF}.png,url=https://gchat.qpic.cn/gchatpic_new/2750469650/924630924-3021063298-298E1C14BE58C7FD13CCBD67A5D964CF/0?term=255&amp;is_origin=0,file_size=57065]
2024.06.21-17:19:01 - [DEBUG] - 收到来自群聊 924630924 的消息：喜欢睡觉(群名片：邱关源，QQ号：1735523069)说：许静平可以
2024.06.21-17:19:04 - [DEBUG] - 收到来自群聊 924630924 的消息：魇呓(群名片：张冬冬，QQ号：2690497932)说：小金瓶是谁
2024.06.21-17:19:26 - [DEBUG] - 收到来自群聊 924630924 的消息：深藏功与名(群名片：深藏功与名，QQ号：3388084238)说：曦金萍
2024.06.21-17:19:33 - [DEBUG] - 收到来自群聊 924630924 的消息：魇呓(群名片：张冬冬，QQ号：2690497932)说：改不了的
2024.06.21-17:19:43 - [DEBUG] - 收到来自群聊 924630924 的消息：光の痕(群名片：试题，QQ号：2750469650)说：[CQ:at,qq=2715978522] 那那个知名学者和教授应该是别人塞进gpt数据库里的
2024.06.21-17:19:43 - [DEBUG] - 收到来自群聊 924630924 的消息：魇呓(群名片：张冬冬，QQ号：2690497932)说：你群名称会被和谐成QQ号
2024.06.21-17:19:48 - [DEBUG] - 收到来自群聊 924630924 的消息：光の痕(群名片：试题，QQ号：2750469650)说：你群名称会被和谐成QQ号
2024.06.21-17:19:50 - [DEBUG] - 收到来自群聊 924630924 的消息：深藏功与名(群名片：深藏功与名，QQ号：3388084238)说：真的假的
2024.06.21-17:19:53 - [DEBUG] - 收到来自群聊 924630924 的消息：光の痕(群名片：试题，QQ号：2750469650)说：lz干过是吗
2024.06.21-17:20:07 - [DEBUG] - 收到来自群聊 924630924 的消息：魇呓(群名片：张冬冬，QQ号：2690497932)说：高程群不是有个备注叫席mz吗
2024.06.21-17:20:16 - [DEBUG] - 收到来自群聊 924630924 的消息：魇呓(群名片：张冬冬，QQ号：2690497932)说：他打全名就被和谐了
2024.06.21-17:20:37 - [DEBUG] - 收到来自群聊 924630924 的消息：魇呓(群名片：张冬冬，QQ号：2690497932)说：你欢乐群搜搜
2024.06.21-17:21:04 - [DEBUG] - 收到来自群聊 924630924 的消息：深藏功与名(群名片：深藏功与名，QQ号：3388084238)说：我去，还真是这个名字
2024.06.21-17:21:09 - [DEBUG] - 收到来自群聊 924630924 的消息：深藏功与名(群名片：深藏功与名，QQ号：3388084238)说：欢乐群
2024.06.21-17:21:18 - [DEBUG] - 收到来自群聊 924630924 的消息：喜欢睡觉(群名片：邱关源，QQ号：1735523069)说：MZ 是什么
2024.06.21-17:21:20 - [DEBUG] - 收到来自群聊 924630924 的消息：深藏功与名(群名片：深藏功与名，QQ号：3388084238)说：为啥啊，他原名叫啥
2024.06.21-17:21:22 - [DEBUG] - 收到来自群聊 924630924 的消息：光の痕(群名片：试题，QQ号：2750469650)说：mz是什么
2024.06.21-17:21:25 - [DEBUG] - 收到来自群聊 924630924 的消息：光の痕(群名片：试题，QQ号：2750469650)说：为啥啊
2024.06.21-17:21:25 - [DEBUG] - 收到来自群聊 924630924 的消息：深藏功与名(群名片：深藏功与名，QQ号：3388084238)说：明卓
2024.06.21-17:21:38 - [DEBUG] - 收到来自群聊 924630924 的消息：魇呓(群名片：张冬冬，QQ号：2690497932)说：你可以改成细颈瓶
2024.06.21-17:21:49 - [DEBUG] - 收到来自群聊 924630924 的消息：魇呓(群名片：张冬冬，QQ号：2690497932)说：xmz是他女儿吧
